03-12 09:21:06.731 10208-10208/com.qtec.router D/BluetoothAdapter: isEnabled
03-12 09:21:08.875 10208-10208/com.qtec.router V/InputMethodManager: onWindowFocus: android.widget.ExpandableListView{2f5022b VFED.VC.. .F....ID 0,450-1080,1696 #7f100393 app:id/expand_list} softInputMode=16 first=false flags=#81810100
03-12 09:21:09.643 10208-10208/com.qtec.router I/Timeline: Timeline: Activity_launch_request time:228453179
03-12 09:21:09.656 10208-10208/com.qtec.router D/ActivityThread: ACT-AM_ON_PAUSE_CALLED ActivityRecord{fae505a token=android.os.BinderProxy@94fd28b {com.qtec.router/com.fernandocejas.android10.sample.presentation.view.main.MainActivity}}
03-12 09:21:09.662 10208-10208/com.qtec.router V/ActivityThread: Handling launch of ActivityRecord{9115627 token=android.os.BinderProxy@dcbc0d4 {com.qtec.router/com.fernandocejas.android10.sample.presentation.view.device.router.tools.safestore.RemoteMainActivity}} startsNotResumed=false
03-12 09:21:09.663 10208-10208/com.qtec.router V/ActivityThread: ActivityRecord{9115627 token=android.os.BinderProxy@dcbc0d4 {com.qtec.router/com.fernandocejas.android10.sample.presentation.view.device.router.tools.safestore.RemoteMainActivity}}: app=com.fernandocejas.android10.sample.presentation.AndroidApplication@79a759e, appName=com.qtec.router, pkg=com.qtec.router, comp={com.qtec.router/com.fernandocejas.android10.sample.presentation.view.device.router.tools.safestore.RemoteMainActivity}, dir=/data/app/com.qtec.router-1/base.apk
03-12 09:21:09.719 10208-10208/com.qtec.router I/System.out: 唯一ID mul = 1C40E8201833
03-12 09:21:09.719 10208-10208/com.qtec.router I/System.out: 唯一ID mul Glo =1C40E8201833
03-12 09:21:09.719 10208-10208/com.qtec.router I/System.out: 链路测试：直连网络
03-12 09:21:09.724 10208-10429/com.qtec.router D/RT-router-none-request: ╔════════════════════════════════════════════════════════════════════════════════════════
03-12 09:21:09.725 10208-10429/com.qtec.router D/RT-router-none-request: ║ Thread: android_0
03-12 09:21:09.725 10208-10429/com.qtec.router D/RT-router-none-request: ╟────────────────────────────────────────────────────────────────────────────────────────
03-12 09:21:09.725 10208-10429/com.qtec.router D/RT-router-none-request: ║ RouterRestApiImpl.access$000  (RouterRestApiImpl.java:132)
03-12 09:21:09.725 10208-10429/com.qtec.router D/RT-router-none-request: ║    RouterRestApiImpl.requestService  (RouterRestApiImpl.java:186)
03-12 09:21:09.725 10208-10429/com.qtec.router D/RT-router-none-request: ╟────────────────────────────────────────────────────────────────────────────────────────
03-12 09:21:09.725 10208-10429/com.qtec.router D/RT-router-none-request: ║ {
03-12 09:21:09.725 10208-10429/com.qtec.router D/RT-router-none-request: ║     "data": {},
03-12 09:21:09.725 10208-10429/com.qtec.router D/RT-router-none-request: ║     "method": "get",
03-12 09:21:09.725 10208-10429/com.qtec.router D/RT-router-none-request: ║     "requestUrl": "proc_qtec_disk_cfg"
03-12 09:21:09.725 10208-10429/com.qtec.router D/RT-router-none-request: ║ }
03-12 09:21:09.725 10208-10429/com.qtec.router D/RT-router-none-request: ╚════════════════════════════════════════════════════════════════════════════════════════
03-12 09:21:09.733 10208-10208/com.qtec.router D/WindowClient: Add to mViews: com.android.internal.policy.PhoneWindow$DecorView{d54398f V.E...... R.....I. 0,0-0,0}, this = android.view.WindowManagerGlobal@c8a541
03-12 09:21:09.734 10208-10425/com.qtec.router D/OpenGLRenderer: CanvasContext() 0xe6bb7800
03-12 09:21:09.736 10208-10208/com.qtec.router D/ViewRootImpl: hardware acceleration is enabled, this = ViewRoot{8041b2 com.qtec.router/com.fernandocejas.android10.sample.presentation.view.device.router.tools.safestore.RemoteMainActivity,ident = 1}
03-12 09:21:09.742 10208-10208/com.qtec.router I/System.out: samba 查询磁盘状态
03-12 09:21:09.743 10208-10208/com.qtec.router V/ActivityThread: Performing resume of ActivityRecord{9115627 token=android.os.BinderProxy@dcbc0d4 {com.qtec.router/com.fernandocejas.android10.sample.presentation.view.device.router.tools.safestore.RemoteMainActivity}}
03-12 09:21:09.744 10208-10208/com.qtec.router D/ActivityThread: ACT-AM_ON_RESUME_CALLED ActivityRecord{9115627 token=android.os.BinderProxy@dcbc0d4 {com.qtec.router/com.fernandocejas.android10.sample.presentation.view.device.router.tools.safestore.RemoteMainActivity}}
03-12 09:21:09.744 10208-10208/com.qtec.router V/ActivityThread: Resume ActivityRecord{9115627 token=android.os.BinderProxy@dcbc0d4 {com.qtec.router/com.fernandocejas.android10.sample.presentation.view.device.router.tools.safestore.RemoteMainActivity}} started activity: false, hideForNow: false, finished: false
03-12 09:21:09.744 10208-10208/com.qtec.router V/PhoneWindow: DecorView setVisiblity: visibility = 4 ,Parent =null, this =com.android.internal.policy.PhoneWindow$DecorView{1332dc3 I.E...... R.....ID 0,0-0,0}
03-12 09:21:09.744 10208-10208/com.qtec.router D/WindowClient: Add to mViews: com.android.internal.policy.PhoneWindow$DecorView{1332dc3 I.E...... R.....ID 0,0-0,0}, this = android.view.WindowManagerGlobal@c8a541
03-12 09:21:09.746 10208-10425/com.qtec.router D/OpenGLRenderer: CanvasContext() 0xd80c2000
03-12 09:21:09.747 10208-10208/com.qtec.router D/ViewRootImpl: hardware acceleration is enabled, this = ViewRoot{c4c6503 com.qtec.router/com.fernandocejas.android10.sample.presentation.view.device.router.tools.safestore.RemoteMainActivity,ident = 2}
03-12 09:21:09.752 10208-10208/com.qtec.router V/ActivityThread: Resuming ActivityRecord{9115627 token=android.os.BinderProxy@dcbc0d4 {com.qtec.router/com.fernandocejas.android10.sample.presentation.view.device.router.tools.safestore.RemoteMainActivity}} with isForward=true
03-12 09:21:09.752 10208-10208/com.qtec.router V/PhoneWindow: DecorView setVisiblity: visibility = 0 ,Parent =ViewRoot{c4c6503 com.qtec.router/com.fernandocejas.android10.sample.presentation.view.device.router.tools.safestore.RemoteMainActivity,ident = 2}, this =com.android.internal.policy.PhoneWindow$DecorView{1332dc3 V.E...... R.....ID 0,0-0,0}
03-12 09:21:09.752 10208-10208/com.qtec.router V/ActivityThread: Scheduling idle handler for ActivityRecord{9115627 token=android.os.BinderProxy@dcbc0d4 {com.qtec.router/com.fernandocejas.android10.sample.presentation.view.device.router.tools.safestore.RemoteMainActivity}}
03-12 09:21:09.753 10208-10208/com.qtec.router D/ActivityThreadInjector: clearCachedDrawables.
03-12 09:21:09.753 10208-10429/com.qtec.router I/System.out: keyRepoId = 1C40E8201833_eee64c51e7ce45938a677c7e7d7f7fd9
03-12 09:21:09.768 10208-10429/com.qtec.router I/System.out: tmpKeys++++++++++++++++++++++++++++++++ {1000000010001211=LZKey{id='1000000010001211', key='gvvWYlp5ZpE62S0+LqZ3pcBZ3R6TO3+O57MXbXXlYb3bGUBP8+91YKVzdPiIIgZj
03-12 09:21:09.768 10208-10429/com.qtec.router I/System.out: '}}
03-12 09:21:09.778 10208-10208/com.qtec.router D/Surface: Surface::allocateBuffers(this=0xe6925a00)
03-12 09:21:09.778 10208-10425/com.qtec.router D/OpenGLRenderer: CanvasContext() 0xe6bb7800 initialize window=0xe6925a08, title=com.qtec.router/com.fernandocejas.android10.sample.presentation.view.device.router.tools.safestore.RemoteMainActivity
03-12 09:21:09.778 10208-10425/com.qtec.router D/Surface: Surface::connect(this=0xe6925a00,api=1)
03-12 09:21:09.779 10208-10425/com.qtec.router W/libEGL: [ANDROID_RECORDABLE] format: 1
03-12 09:21:09.779 10208-10425/com.qtec.router D/mali_winsys: new_window_surface returns 0x3000
03-12 09:21:09.795 10208-10429/com.qtec.router I/System.out: keyDepot = KeyDepot{keyIndex='1000000010001212', keys={1000000010001211=LZKey{id='1000000010001211', key='gvvWYlp5ZpE62S0+LqZ3pcBZ3R6TO3+O57MXbXXlYb3bGUBP8+91YKVzdPiIIgZj
03-12 09:21:09.795 10208-10429/com.qtec.router I/System.out: '}, 1000000010001212=LZKey{id='1000000010001212', key='yTvfBFwV8Zy0LRikf/YMYAadD5UVkyttwfbFdQf5AEXSuNGFOaOSrjtYF03J40pX
03-12 09:21:09.795 10208-10429/com.qtec.router I/System.out: '}, 1000000010001213=LZKey{id='1000000010001213', key='nTTM+q5i4r0B6NLugJTXqSLn2AbLkZkMJdoQo45nwtnPomfAyHIZYxuhd5B6RMDi
03-12 09:21:09.795 10208-10429/com.qtec.router I/System.out: '}, 1000000010001214=LZKey{id='1000000010001214', key='UrpMNi5wb5oBEbNE2jc6k8qWdfrk8WSTbXhcFapyNVrxq/0IdHAbproBnvvB89om
03-12 09:21:09.795 10208-10429/com.qtec.router I/System.out: '}, 1000000010001215=LZKey{id='1000000010001215', key='Rnop5d3Fe6t3EjgHYhBjK3zIeHuRci/FflfKBPuI8/7M4I+sXVmH9b6CvPpj3f0T
03-12 09:21:09.795 10208-10429/com.qtec.router I/System.out: '}, 1000000010001216=LZKey{id='1000000010001216', key='yI/S1Sglqco+0p9j5pFsCgScYedPMc72zXHCHJuw1273p4qHIUwxgW9kr4BA9wck
03-12 09:21:09.795 10208-10429/com.qtec.router I/System.out: '}, 1000000010001217=LZKey{id='1000000010001217', key='p3m4DeCdcAP5QUCDKpL4jTK60Kr0W5PDsfW5XuvdM5m0uPGoyZebGL5npUzoKRzx
03-12 09:21:09.795 10208-10429/com.qtec.router I/System.out: '}, 1000000010001218=LZKey{id='1000000010001218', key='n4HUHuD36mXFgio+SAWOOmPJvIANS5myi8+/c3OzuI9yKrN2T6H8NYQ6ibRhGcSU
03-12 09:21:09.795 10208-10429/com.qtec.router I/System.out: '}, 1000000010001219=LZKey{id='1000000010001219', key='G91ernYkmWzghkAPg7L1sBtLWYrQtL6A2zAdBCrgcNc8RwIrKMNkrHK8P5x4W9xj
03-12 09:21:09.795 10208-10429/com.qtec.router I/System.out: '}, 1000000010001220=LZKey{id='1000000010001220', key='WIxMV2+c+SkpvJETbGQ86XTOwsiGmqs5KJsIWlOg4Ye/DT1d8+TqdXvx7PQL7Gn2
03-12 09:21:09.795 10208-10429/com.qtec.router I/System.out: '}, 1000000010001221=LZKey{id='1000000010001221', key='4aSBbPaTAbCV2htSSeGq5rLirjah+19/r0SNDUowvrBjVAXP+M/PLOkj6wY9lNI5
03-12 09:21:09.795 10208-10429/com.qtec.router I/System.out: '}, 1000000010001222=LZKey{id='1000000010001222', key='E3bDZcBAI3Y6kgUrgjDTCccUBumjT25bgwdO8GkbQx9vuU7aPkzNst1qam5g8+/a
03-12 09:21:09.795 10208-10429/com.qtec.router I/System.out: '}, 1000000010001223=LZKey{id='1000000010001223', key='4Pu2ApVOuwdjl/od6JwvWz8wX9X6CGw0a+jkYq31K9UBR5WHVsSXdZaYuUh4t6L4
03-12 09:21:09.795 10208-10429/com.qtec.router I/System.out: '}, 1000000010001224=LZKey{id='1000000010001224', key='vLK+R9FLHw3Rd9JzPfHe0usDRrYTs0kE2WuErji2MN5YU/RlrI4Ra+976mKQs06C
03-12 09:21:09.795 10208-10429/com.qtec.router I/System.out: '}, 1000000010001225=LZKey{id='1000000010001225', key='Ovlk2W4LogJPUMX1qlxwP0yQKnuiQibvGOmhCdXjORbMeLQ6MqFat+crSCk3HetL
03-12 09:21:09.795 10208-10429/com.qtec.router I/System.out: '}, 1000000010001226=LZKey{id='1000000010001226', key='iOviHpCJdtEqWG+pTz6lu0ZiIDaTCF35X7ueUlttX908DpcZyrANSJbSJanqIAwd
03-12 09:21:09.795 10208-10429/com.qtec.router I/System.out: '}, 1000000010001227=LZKey{id='1000000010001227', key='ax/2YUODVIPWjoqyk9SqKfamxPwbRTVikYwi47rsn6Ogq6NR790nLQU/DbanJoNC
03-12 09:21:09.795 10208-10429/com.qtec.router I/System.out: '}, 1000000010001228=LZKey{id='1000000010001228', key='IeHyUX0rxDTUS8K3Sqfjg7bkemCtDsEkWBzQ8rYjIuwbB1AO95JY/FNsAZ32fVP4
03-12 09:21:09.795 10208-10429/com.qtec.router I/System.out: '}, 1000000010001229=LZKey{id='1000000010001229', key='LVy561t2/cy/EhHFOxYAsHTrYoDojacxfw+2uGpj7nSGVEWyvIH4uZaRltSw0Eim
03-12 09:21:09.795 10208-10429/com.qtec.router I/System.out: '}, 1000000010001230=LZKey{id='1000000010001230', key='9lNiV8TfCV5BvoWPeBR0aNfGQ/7m407vwStKC4V45yRul9bGPWnl4Bsp2bzExbVm
03-12 09:21:09.795 10208-10429/com.qtec.router I/System.out: '}, 1000000010001231=LZKey{id='1000000010001231', key='OVkFflyxdD/XybvvwynnkHIdxTfUQ31EVKnqr9RaErh8dAyfh/5atLfA/SFvqwOH
03-12 09:21:09.795 10208-10429/com.qtec.router I/System.out: '}, 1000000010001232=LZKey{id='1000000010001232', key='OqmAziseBYBGw+zujDESYDwFOyFm8umy6iwXDHTFypU2yMUJSlMw9NbrkhQOyT5V
03-12 09:21:09.795 10208-10429/com.qtec.router I/System.out: '}, 1000000010001233=LZKey{id='1000000010001233', key='aIeoCisK7a+atXEx/6UmLQn2CjjRDFz3ETatfkPWvDNyiFORUfpT4RoQsuPdhcAl
03-12 09:21:09.795 10208-10429/com.qtec.router I/System.out: '}, 1000000010001234=LZKey{id='1000000010001234', key='aguWk+jw946IcbYmboGvD4cyL+tsOa3/Z6CT5IiIfWgeQNR9eTIAH+QrDh7rXQmH
03-12 09:21:09.795 10208-10429/com.qtec.router I/System.out: '}, 1000000010001235=LZKey{id='1000000010001235', key='dJLdvQx72O7qiWyt2fA8jSeLK+3Z1F6eWjdc7wosquJU1pwuYPYMICfayisCcRVK
03-12 09:21:09.795 10208-10429/com.qtec.router I/System.out: '}, 1000000010001236=LZKey{id='1000000010001236', key='cvvRskphndaM81PjrI9HakYdlEjeU4gn/2dRbArbwwHG3vX5Dzs2ioQetNeqTm/+
03-12 09:21:09.795 10208-10429/com.qtec.router I/System.out: '}, 1000000010001237=LZKey{id='1000000010001237', key='TUhX/TUaV8EKEAm5f2PO+mZRN+9+xHPNO2utfKlR71rlamEM0PD/hY9fmL3NSFir
03-12 09:21:09.795 10208-10429/com.qtec.router I/System.out: '}, 1000000010001238=LZKey{id='1000000010001238', key='bI8Bveb3kAbOtswlgobtbfex921Rybb5oFr2Y7xFU9E3GH3ewOl2mlRaz3okAten
03-12 09:21:09.795 10208-10429/com.qtec.router I/System.out: '}, 1000000010001239=LZKey{id='1000000010001239', key='UZoZ61EOf4liEab5hTRjnW3TUDFDvT+DVNctOQRCOOZCoMte39JzIeNjETYWXijF
03-12 09:21:09.795 10208-10429/com.qtec.router I/System.out: '}, 1000000010001240=LZKey{id='1000000010001240', key='9u/pTLQ52nL/m6X6BiijkB2zw85F7TQk/P98qGXH3H2v+iAPJI7bOfREG8wKMM2/
03-12 09:21:09.795 10208-10429/com.qtec.router I/System.out: '}, 1000000010001241=LZKey{id='1000000010001241', key='Ys13ZAt8NnFtf1dC1YzpiMPA9MAEG8OHmcWzC/wwVhLjihrKUjoqQjUSKciBJPF1
03-12 09:21:09.795 10208-10429/com.qtec.router I/System.out: '}, 1000000010001242=LZKey{id='1000000010001242', key='n60UcrhjUHZaoa676mcamPyDlvmuRTlPjpi4/8nzcCedB3cDi5nnI/jntuJEF8Wn
03-12 09:21:09.795 10208-10429/com.qtec.router I/System.out: '}, 1000000010001243=LZKey{id='1000000010001243', key='vMgcGiD94bPZFZ7FpKl6t3dxJMcQHTiJqkNAsP3KmHsCqeOwwrACtLx27qLYvASA
03-12 09:21:09.795 10208-10429/com.qtec.router I/System.out: '}, 1000000010001244=LZKey{id='1000000010001244', key='lg2VRkt4/C3mrmkScgADhLH2Ryj6nKhZKESJpBFDZ1o6A6+wHRxhPIhD2SYGyZuW
03-12 09:21:09.795 10208-10429/com.qtec.router I/System.out: '}, 1000000010001245=LZKey{id='1000000010001245', key='XUY7+1I1s9Y0GAes9ANTx0Xnq0bsHeojaSr8Oo8A1H/H4T8A9bEiL+UikYQ9pton
03-12 09:21:09.795 10208-10429/com.qtec.router I/System.out: '}, 1000000010001246=LZKey{id='1000000010001246', key='mxdKZcGBCQABjLqBKBkObRUI0VBvsFguwhuxAxy9CcFk1YfmRrwkEZ5c/2hHpAvO
03-12 09:21:09.795 10208-10429/com.qtec.router I/System.out: '}, 1000000010001247=LZKey{id='1000000010001247', key='CTmOxWhUOsAZJx5Ifyyq37uHSoVm5o2XuaI3lLa/yIbs89VqCWHR+LHR4XfGdOSR
03-12 09:21:09.795 10208-10429/com.qtec.router I/System.out: '}, 1000000010001248=LZKey{id='1000000010001248', key='fZStrBao1uss1tAwspAHmO7y3D9ZHbf7D78kfnYPbUJTGCVGtdCFFv6cEWn43v9h
03-12 09:21:09.795 10208-10429/com.qtec.router I/System.out: '}, 1000000010001249=LZKey{id='1000000010001249', key='YjSpuzQyskIp4VtyZ7LXU0wtM1CsLKpi3ZYnDdIRrOvf36xkUU0l5x+SRKkLzuYq
03-12 09:21:09.795 10208-10429/com.qtec.router I/System.out: '}, 1000000010001250=LZKey{id='1000000010001250', key='MzgCZBoL9q7YxMAHKGnJ+fnnUOp+x1cyVfD3cxKqOVsFxATAQmYqlo8cDVQuLF5Z
03-12 09:21:09.795 10208-10429/com.qtec.router I/System.out: '}, 1000000010001251=LZKey{id='1000000010001251', key='fMOVUL5vr15i7uJej9PbdHL02LaPKB+/gV3OT8jAliEtq6eT7bV4WqYKnEkYBTfy
03-12 09:21:09.795 10208-10429/com.qtec.router I/System.out: '}, 1000000010001252=LZKey{id='1000000010001252', key='m86w5dxkDAvygzMn9P7lvMUjDgiE/rvshf3oXoBN3WK3INFmk2IK/xUeRla3G5V1
03-12 09:21:09.795 10208-10429/com.qtec.router I/System.out: '}, 1000000010001253=LZKey{id='1000000010001253', key='LpjzVpjX72uayCk52c8NGPCz4Z4TMDeBUUhqUfiX+0D3n2bn7+MXsQ36Yn8xdCh2
03-12 09:21:09.795 10208-10429/com.qtec.router I/System.out: '}, 1000000010001254=LZKey{id='1000000010001254', key='ecoKW20bdYgta5yoDw4IVhuDtowT7ZFleK7Kmtrw01KOl2XYI3be14mfhRQvDQa/
03-12 09:21:09.795 10208-10429/com.qtec.router I/System.out: '}, 1000000010001255=LZKey{id='1000000010001255', key='4tkBv00ygArjNZJUDnFchfAX3DoMsExXA+zmIl27cCe6teYPaGRbFy8LQn+kSM9J
03-12 09:21:09.795 10208-10429/com.qtec.router I/System.out: '}, 1000000010001256=LZKey{id='1000000010001256', key='6pn6MRHq8CVVKzFGT5RgZj/rhY5gWplW7a5gynD7+e0rorb1om+P7wiXfsF48OSN
03-12 09:21:09.795 10208-10429/com.qtec.router I/System.out: '}, 1000000010001257=LZKey{id='1000000010001257', key='yxkYHe4upPXWv6f3I0Fg7TQrkh2vRQLP+nEv1Fjdcmpp0XjBfj5h3qpWuhgnw9Si
03-12 09:21:09.795 10208-10429/com.qtec.router I/System.out: '}, 1000000010001258=LZKey{id='1000000010001258', key='8rPyGU6rRBJzIptq5GK/OO3Y3bzjG/L2jVUimS+Lsz8A+eTU8ZZR+mXHhzUCcobq
03-12 09:21:09.795 10208-10429/com.qtec.router I/System.out: '}, 1000000010001259=LZKey{id='1000000010001259', key='CIyrstb/BemY41caXdDW7RLwhfHR5pThqDk8BGnPkc2m5X6pPq9WKVgEC+Ep3yEf
03-12 09:21:09.795 10208-10429/com.qtec.router I/System.out: '}, 1000000010001260=LZKey{id='1000000010001260', key='jTCM4NShAuArFpt4TxgC+p+5Ng2lojRlZZWgR/wxTrjIuRwLdLN4PbmA7TqiCyrI
03-12 09:21:09.795 10208-10429/com.qtec.router I/System.out: '}, 1000000010001261=LZKey{id='1000000010001261', key='IzScupPHZQ7vmnLsEwrJ7/RoWuAgHNdWL0o3sOOQKhL86UkR1VwLi9vgo+Gqujdi
03-12 09:21:09.795 10208-10429/com.qtec.router I/System.out: '}, 1000000010001262=LZKey{id='1000000010001262', key='NfPeOty4/dXqxtTpv0I3CdOxBUzSycGWCxW94EA+pBPLuoh0YVg9eZsx7ZKVP0PA
03-12 09:21:09.795 10208-10429/com.qtec.router I/System.out: '}, 1000000010001263=LZKey{id='1000000010001263', key='cNrSHZ8tmxJARwdYTKDl98q59Xn2ceFXYiBwb5AgmDPxNr9olJEkKx3I9Uzc2Ine
03-12 09:21:09.795 10208-10429/com.qtec.router I/System.out: '}, 1000000010001264=LZKey{id='1000000010001264', key='f7hJlSUEvIm0admTduWpLdtjDWw7OOAKjka5DYRsIAxcfKsuAK2TEvyArie295mt
03-12 09:21:09.795 10208-10429/com.qtec.router I/System.out: '}, 1000000010001265=LZKey{id='1000000010001265', key='VBZz81c4WwLUH89RkN8ClCiDtBJj/RX/hWVkis0YofVFpcWLjlHvlS2W1ogyBlfi
03-12 09:21:09.795 10208-10429/com.qtec.router I/System.out: '}, 1000000010001266=LZKey{id='1000000010001266', key='NevXcFAPiy7ZL76M5dtHBAH4y2BMlmBvbsRZx/z1EK88z0LEoUQxOf5HSjFx8C8J
03-12 09:21:09.795 10208-10429/com.qtec.router I/System.out: '}, 1000000010001267=LZKey{id='1000000010001267', key='SOq+kMxTH29hDpfxYOCc4LKnL+7H84PJQuqI9agw1tcMbiik2NcE++lJhPqwRWkB
03-12 09:21:09.795 10208-10429/com.qtec.router I/System.out: '}, 1000000010001268=LZKey{id='1000000010001268', key='CD5ZSYk+qIOxy+2WYhLMkUq5ci/k6acWJS+yVHy6S1uInn7EEP6AKnBjvFE5fyVh
03-12 09:21:09.795 10208-10429/com.qtec.router I/System.out: '}, 1000000010001269=LZKey{id='1000000010001269', key='DHSambI47/hj4KWs9uHBZ5NefmnfVb8bIO9lC1Ue3ZNwqwTELKhQSVvqu3DynAIi
03-12 09:21:09.795 10208-10429/com.qtec.router I/System.out: '}, 1000000010001270=LZKey{id='1000000010001270', key='Lnf60XJYFejLv7hhZGpfqIK6EmralvR0ac2Sd+ayx0YbzLA1RJVdKuFczZw08/Vc
03-12 09:21:09.795 10208-10429/com.qtec.router I/System.out: '}, 1000000010001271=LZKey{id='1000000010001271', key='1JCR0UwaaKAK+JEhAenmKhMCvoj5+lkmkUdTf4uZRp+7VB58qaz1hhR5M1L+65hb
03-12 09:21:09.795 10208-10429/com.qtec.router I/System.out: '}, 1000000010001272=LZKey{id='1000000010001272', key='xllbxyt+3XqKF02RmcnNYAAvKLZSQXqt/QYoYMtUDvgwCrXrEDuDzXpcB7/Um10m
03-12 09:21:09.796 10208-10429/com.qtec.router I/System.out: '}, 1000000010001273=LZKey{id='1000000010001273', key='xLWiiQjWk7yaRO5seFqm+KOcPfghsJmRe5MuSi/lNyzNzD4+PCg+HfSiQtF7qAeg
03-12 09:21:09.796 10208-10429/com.qtec.router I/System.out: '}, 1000000010001274=LZKey{id='1000000010001274', key='zpUZefCFYTD3NvTX3K+QiV1/PYOLBuXPmPjCeDxc/fFRnJfoVIyAVVyZyIrtpuyc
03-12 09:21:09.796 10208-10429/com.qtec.router I/System.out: '}, 1000000010001275=LZKey{id='1000000010001275', key='tcL+0TKJ6YnFdBNBxtHrh21Olo5zuZakiTujWEtVsoCYAxdtPFMvNomScbNwzSZA
03-12 09:21:09.796 10208-10429/com.qtec.router I/System.out: '}, 1000000010001276=LZKey{id='1000000010001276', key='vvp52csqKJuPBJ39uNfoySDiCP6st30U3bRjatBgDUbxURpWyZXMhS8JmtyYZgl0
03-12 09:21:09.796 10208-10429/com.qtec.router I/System.out: '}, 1000000010001277=LZKey{id='1000000010001277', key='iQQv+JBwoX2NQiES78jRtckHGuIHByFC82kqv6NTIBO4zxbCReL44yU62aza/lwb
03-12 09:21:09.796 10208-10429/com.qtec.router I/System.out: '}, 1000000010001278=LZKey{id='1000000010001278', key='YxL3+XJurYzIiVqjvnpnVjOePj/coRlGin6srfEXK2gT0DDtpa4pH8sedMuW6mo2
03-12 09:21:09.796 10208-10429/com.qtec.router I/System.out: '}, 1000000010001279=LZKey{id='1000000010001279', key='BNUrLVjPVVzGF31TGat6KECXVPeNKtI67TwKyqTx1/MyLaen38FTGRCz90AGLJc1
03-12 09:21:09.796 10208-10429/com.qtec.router I/System.out: '}, 1000000010001280=LZKey{id='1000000010001280', key='38QxizWN1oOoWw7VwngLHomA5RLjnKAUGC+acxPZvl2RKf57AiFFvp4TEpVUfIRp
03-12 09:21:09.796 10208-10429/com.qtec.router I/System.out: '}, 1000000010001281=LZKey{id='1000000010001281', key='HUMpmXlOdqAvLKIhxhoSmiGxm8duf5JQNmxmI3Lr5Lg+nORAFnGu/jB3rqGRWA1g
03-12 09:21:09.796 10208-10429/com.qtec.router I/System.out: '}, 1000000010001282=LZKey{id='1000000010001282', key='P3UuVRk9hQTGjQ9ejFOlEJQrLmNYUJWRPEC1MIacHYoTjNtGEsFaIdcMBhe6A/28
03-12 09:21:09.796 10208-10429/com.qtec.router I/System.out: '}, 1000000010001283=LZKey{id='1000000010001283', key='jN7xBPXpDggNkaMSESYEBFVZF5Rkv4nJr8bWrLyczDCtyRVEKPVKOHUNDFLyBApz
03-12 09:21:09.796 10208-10429/com.qtec.router I/System.out: '}, 1000000010001284=LZKey{id='1000000010001284', key='AHNkR3TJpZEld0UKLqGHJftzrwb8uNGoBB/LjUvhO4YojwUGbY2usbQBbIWFDd0S
03-12 09:21:09.796 10208-10429/com.qtec.router I/System.out: '}, 1000000010001285=LZKey{id='1000000010001285', key='HkU/fnU4GG9kcZNiZ4BL0tUxHr7Q/ifvcRhAXlLdatV4nXaMKxrEX1QyqeVfFs04
03-12 09:21:09.796 10208-10429/com.qtec.router I/System.out: '}, 1000000010001286=LZKey{id='1000000010001286', key='iq+3CBhtePcH41vMXLbjRwaFHzwE8FvKXf1fgJHMJMBP7mviLOb0EcVWaBFe5eEK
03-12 09:21:09.796 10208-10429/com.qtec.router I/System.out: '}, 1000000010001287=LZKey{id='1000000010001287', key='06AbPeE04C9nMznF5CIZiyfLkidxtW574Ey2WrGpOL3B/psGhPDj2fsRXyWuexVO
03-12 09:21:09.796 10208-10429/com.qtec.router I/System.out: '}, 1000000010001288=LZKey{id='1000000010001288', key='L8vntsYmi1eFVXwXtKaMesJAYYZPOPOvYCtyQZ2+3Ve9oWAoH5DsO3K8oyHhH72n
03-12 09:21:09.796 10208-10429/com.qtec.router I/System.out: '}, 1000000010001289=LZKey{id='1000000010001289', key='I+eAqsSqYO5NkwZphGvsTrtkri2IN6oYddyKWDLk7435VS0EQDCEmAQWRfziXsiy
03-12 09:21:09.796 10208-10429/com.qtec.router I/System.out: '}, 1000000010001290=LZKey{id='1000000010001290', key='KS1SCcYJvIMX2EXsRwsOjOORmnPBG5Kno/tz8UmZawu2R1G0SrterjfMIWrS938G
03-12 09:21:09.796 10208-10429/com.qtec.router I/System.out: '}, 1000000010001291=LZKey{id='1000000010001291', key='Oy0nCFNglhA82mzjmDr7HcHMd5ah/KZa7W0Axri2Gm/o5XMX/0caKzqYv68qqzEk
03-12 09:21:09.796 10208-10429/com.qtec.router I/System.out: '}, 1000000010001292=LZKey{id='1000000010001292', key='3b42yTjK22A71tvZSsjevUYhIwaCWdMqAh+Df3dESDoNxU9DD3wp/xs5gb4QYyH1
03-12 09:21:09.796 10208-10429/com.qtec.router I/System.out: '}, 1000000010001293=LZKey{id='1000000010001293', key='OnvTr/ufHCkdIORhuphjp+wSLZp6IYG5Y/7qdA7OmHygXqRBZCxMd3Dn89SSKET2
03-12 09:21:09.796 10208-10429/com.qtec.router I/System.out: '}, 1000000010001294=LZKey{id='1000000010001294', key='j607SwIkigZPWfi3XK1389eCfBxA1SfrtS6JZcJvucWTol66mjMizWSZLdheMoz5
03-12 09:21:09.796 10208-10429/com.qtec.router I/System.out: '}, 1000000010001295=LZKey{id='1000000010001295', key='U7UOe5Wn5uWQTBKkD4LsXbbHfbkh92KiXG+Tu99hjLbNHND241peLrPcEENafmxb
03-12 09:21:09.796 10208-10429/com.qtec.router I/System.out: '}, 1000000010001296=LZKey{id='1000000010001296', key='vo3cHxc43zz1RDmeYtbOePisHAMYtKiKSvbixfJT/XWFHJAHybaxnWeJSlB5kSoU
03-12 09:21:09.796 10208-10429/com.qtec.router I/System.out: '}, 1000000010001297=LZKey{id='1000000010001297', key='APb1BSxX/A3NfFZMtMUlTuZg5PNZpVtjYucF91hSeHfSbkVOzGL3xv9ppGpTQc57
03-12 09:21:09.796 10208-10429/com.qtec.router I/System.out: '}, 1000000010001298=LZKey{id='1000000010001298', key='t0ZAEaxzhA2pmnxt2Q/YiN4phzGUuogODxjf2Ny0yzgRb6OYjDQ1I211DSGtykLQ
03-12 09:21:09.796 10208-10429/com.qtec.router I/System.out: '}, 1000000010001299=LZKey{id='1000000010001299', key='oA/9akJfDeG+WYQu4aicQBJ4+T9SFy0gfjjjlUdO2+GTCcIla3x0RCU0cgU+Ha5m
03-12 09:21:09.796 10208-10429/com.qtec.router I/System.out: '}, 1000000010001300=LZKey{id='1000000010001300', key='X9myjmfRWLCu2qTzXBefJiQQH53D5b6jpg6SfFBSy6xVh8hdQM/SsaApx+b68sui
03-12 09:21:09.796 10208-10429/com.qtec.router I/System.out: '}, 1000000010001301=LZKey{id='1000000010001301', key='uyRFT99QRTRrYDeC7xT/43nFUBhXakB5jtN2rV5uSyY+DGX50caIPPRcmAAl1Lfh
03-12 09:21:09.796 10208-10429/com.qtec.router I/System.out: '}, 1000000010001302=LZKey{id='1000000010001302', key='wR+z+wg6YpDWE/RFYBqKgAuRkKvb+xPVIEI3vTN8mMKqRn4j5750u8i1Qx9Iy1Xk
03-12 09:21:09.796 10208-10429/com.qtec.router I/System.out: '}, 1000000010001303=LZKey{id='1000000010001303', key='rKNb+5dMFr+0JbpJJf1w70QbttKDGaTfjRb6k49widl7fxVbCztsb0uhd9Gqhrrg
03-12 09:21:09.796 10208-10429/com.qtec.router I/System.out: '}, 1000000010001304=LZKey{id='1000000010001304', key='YcRDbV9jxA4gQ3d0BByaAAOxxNFu/FMDZhXJamc7j8IJwcfWcZ/j7NBbUvkyQXew
03-12 09:21:09.796 10208-10429/com.qtec.router I/System.out: '}, 1000000010001305=LZKey{id='1000000010001305', key='+29cs8MdMxfxxBBAvMWxWzAEPeQErWGd6vsNaitrclXiPDyr+3gSUtdYA6ulcDBZ
03-12 09:21:09.796 10208-10429/com.qtec.router I/System.out: '}, 1000000010001306=LZKey{id='1000000010001306', key='O6ZbHWDLfhwv6P9XtZkbK1QIiXpd03Zb4Hv8bnrEcIytyU3o/LrexPS/2pcUkAZ6
03-12 09:21:09.796 10208-10429/com.qtec.router I/System.out: '}, 1000000010001307=LZKey{id='1000000010001307', key='Pv9D4zjlazOFQP/Y+cmgMdeMqOUaZxv4ibtKwavTaREsutPEq20PV1B/E8zsdSgk
03-12 09:21:09.796 10208-10429/com.qtec.router I/System.out: '}, 1000000010001308=LZKey{id='1000000010001308', key='rH0RGWKgef7pFYKBXRyLOviwTFFImzZvS1bDCvSHGt17DJaiWYSht/Rqr1VBbNdM
03-12 09:21:09.796 10208-10429/com.qtec.router I/System.out: '}, 1000000010001309=LZKey{id='1000000010001309', key='c4u0+JMGJLPTL9r390MnICErBD66ZCpgStmxuX4EErg2WfAs9CDBZ/FvBHYpI0FK
03-12 09:21:09.796 10208-10429/com.qtec.router I/System.out: '}, 1000000010001310=LZKey{id='1000000010001310', key='nIutBHg7Kl9YHrLQUMlOsck7z1OgOFx37RkvLbpZTXHeJ/qNyhh9IFUcrYwvuJ9y
03-12 09:21:09.796 10208-10429/com.qtec.router I/System.out: '}, 1000000010001311=LZKey{id='1000000010001311', key='dT+T2pRGXQ6toHV1RqNlbr2BIuV8kYWdgzvHbx/ANrJGDJ78Vky6h9lz4iH2g2Hu
03-12 09:21:09.796 10208-10429/com.qtec.router I/System.out: '}, 1000000010001312=LZKey{id='1000000010001312', key='4Rj1oa0n+XpLHqFf7DMEbLrntH80RcTYItJz6ywpuTpomApMk3fu9kyom7230sdW
03-12 09:21:09.796 10208-10429/com.qtec.router I/System.out: '}, 1000000010001313=LZKey{id='1000000010001313', key='VHPL02XFdQPs0UOZhSXerSHlajJb3oPjp6bJL47+K84Dk7fqTicIvssNOYAs2uGW
03-12 09:21:09.796 10208-10429/com.qtec.router I/System.out: '}, 1000000010001314=LZKey{id='1000000010001314', key='QONJxng56iJNFI+GUHcgT4JlcdD1QmGWfNlYSwxpa0tsw6myufUkKkv6pqtD++bR
03-12 09:21:09.796 10208-10429/com.qtec.router I/System.out: '}, 1000000010001315=LZKey{id='1000000010001315', key='NjjJsCFPxNnqjdNsb40XteYZGVonSoFn76HJa+1BFiGzahE5d5IM6ZRoFZ5+cJz7
03-12 09:21:09.796 10208-10429/com.qtec.router I/System.out: '}, 1000000010001316=LZKey{id='1000000010001316', key='LXKIkCsXpD+1IqoIbr3wNyw+5iU5J/7WF49yrpSApz6l8Fxxfvvnvsk56hBQtXhB
03-12 09:21:09.796 10208-10429/com.qtec.router I/System.out: '}, 1000000010001317=LZKey{id='1000000010001317', key='6OnhLUbW+wEsFpGLJE4j7e2KzmRajHhfviZ+NleT9i0nPIcgoae5aDyyijJq932d
03-12 09:21:09.796 10208-10429/com.qtec.router I/System.out: '}, 1000000010001318=LZKey{id='1000000010001318', key='MVaEuy4R3nVdHQhWiTqRgtJIS4OGZMBO5TtlugFqIbtreurZ9g9MJfRELko9yD9N
03-12 09:21:09.796 10208-10429/com.qtec.router I/System.out: '}, 1000000010001319=LZKey{id='1000000010001319', key='w9r5vTIhcaQQzbEOSPsjNxmCRJbgTdRhtKDCiQfcjhcuCZ8NZmQWkd2DiYfKoBg5
03-12 09:21:09.796 10208-10429/com.qtec.router I/System.out: '}, 1000000010001320=LZKey{id='1000000010001320', key='XluigeIgeRgTB4uP3TknPgq4v4B8fXVGAYBH9Iwwqvd63vkvIQPjeCoYUQ8icnXk
03-12 09:21:09.796 10208-10429/com.qtec.router I/System.out: '}, 1000000010001321=LZKey{id='1000000010001321', key='NeVIZLJTsBNuiGbdTf+mbXqMNgV3SvFyZYMoUqgmBaKbSwy5UUh+D29hiV7bujVR
03-12 09:21:09.796 10208-10429/com.qtec.router I/System.out: '}, 1000000010001322=LZKey{id='1000000010001322', key='ALvCcEEWtv/mzl0/4lra3CS97dWBdn91Hw3DHi0vyttJNkIBIT44sEKVRMWJCjOY
03-12 09:21:09.796 10208-10429/com.qtec.router I/System.out: '}, 1000000010001323=LZKey{id='1000000010001323', key='1gbu3EkBhYoS6V13yXeX+nsKFednoBJeDOddPvbrsEppjmSuTVkafo9DrEOSjLbc
03-12 09:21:09.796 10208-10429/com.qtec.router I/System.out: '}, 1000000010001324=LZKey{id='1000000010001324', key='R441fMkoF8+diZii+NNcZGBcbzbaAMb9vwXRpaS7vNS0d7Uu85DwX5LamTumNtqK
03-12 09:21:09.796 10208-10429/com.qtec.router I/System.out: '}, 1000000010001325=LZKey{id='1000000010001325', key='LEgvnVnbbcDabSoHkk8UBacaxAIGpK4fvIOudIvw7ctfyoIm+9IUmpLJTJTb8O5h
03-12 09:21:09.796 10208-10429/com.qtec.router I/System.out: '}, 1000000010001326=LZKey{id='1000000010001326', key='QMYTvKTwDAtwjHzH8O2z/jhpgZdZUix7f9haNBvgib9ZqQu+/t4pfrhZfY+4OJ16
03-12 09:21:09.796 10208-10429/com.qtec.router I/System.out: '}, 1000000010001327=LZKey{id='1000000010001327', key='qTPpktAyxulh6LhRIiuyB4l3CF8wqidFuVoTC3j8sASLjJ44l5DzGiTStN68uUO0
03-12 09:21:09.796 10208-10429/com.qtec.router I/System.out: '}, 1000000010001328=LZKey{id='1000000010001328', key='jcNBpDAl329AvysjAULIm6iBHh3bxx3Mi8B0VgHahBjZXl9It/OS8MGY/gCoU9sU
03-12 09:21:09.796 10208-10429/com.qtec.router I/System.out: '}, 1000000010001329=LZKey{id='1000000010001329', key='BnxARG/Piy0r0ddnCIEnwqt3h1ebB89PlOYxsCaUyf26zE61PnnjjdMEITGWV01F
03-12 09:21:09.796 10208-10429/com.qtec.router I/System.out: '}, 1000000010001330=LZKey{id='1000000010001330', key='Z9GfuwUYGeSsRpoFhiMdEadmaOdrfUwPYGxVRJBUYNjraJ556Kpu9xD+5stOvBdQ
03-12 09:21:09.796 10208-10429/com.qtec.router I/System.out: '}, 1000000010001331=LZKey{id='1000000010001331', key='d9U3K+3HudXK70u4pd0daQylQOEwoE8+TT/AtxcS0Swib8yiYM2j0vcvrEmQsvHe
03-12 09:21:09.796 10208-10429/com.qtec.router I/System.out: '}, 1000000010001332=LZKey{id='1000000010001332', key='T+GgR2CJNphUU2Lxmyc0GUcg1fv0oIV/atwuIamt4e7T7K/T4rnNssFVX0ASXw0/
03-12 09:21:09.796 10208-10429/com.qtec.router I/System.out: '}, 1000000010001333=LZKey{id='1000000010001333', key='IYgvrUJ5cyNhifamD67PRmoAPA5Dw6Awfr/aaYjx/AdIsDzu3XD6GvUHCRXVUInZ
03-12 09:21:09.796 10208-10429/com.qtec.router I/System.out: '}, 1000000010001334=LZKey{id='1000000010001334', key='vBntGKkaFvQop7IYA+/nSv1k6Tk+Mb4uE37wmsM5uV8AlWpKQ9Dtvo6Urawe43kY
03-12 09:21:09.796 10208-10429/com.qtec.router I/System.out: '}, 1000000010001335=LZKey{id='1000000010001335', key='7i8XhTjxPRBIBfrRIefN8ymVTVGwqp+vvZCh0rCbu16KDDT+V8A4smww3ZeKR6y7
03-12 09:21:09.796 10208-10429/com.qtec.router I/System.out: '}, 1000000010001336=LZKey{id='1000000010001336', key='hj230GPGbshF9NaYpfuqhJJXiYJe8QQs8OPuIX/RKESnzK1SBW3NGCUqht/oL1RE
03-12 09:21:09.796 10208-10429/com.qtec.router I/System.out: '}, 1000000010001337=LZKey{id='1000000010001337', key='SqGOc4jrDQB1fi2QLU7ISdFFhWYuLxZmSzvnluFNigaGMUE7vpjPFv+FveeKnASE
03-12 09:21:09.796 10208-10429/com.qtec.router I/System.out: '}, 1000000010001338=LZKey{id='1000000010001338', key='88NZSaYcuDFkGKk7zPxLoDNuuFa6BvtgtHnZ3V5lmrvMjsUc2FX1aDLw9QgCNDXJ
03-12 09:21:09.796 10208-10429/com.qtec.router I/System.out: '}, 1000000010001339=LZKey{id='1000000010001339', key='wTkYQyz9Lw/82ZeYCevfY0n+5/KZr2Yt2fbCBCQSijoQpp2sXzTPd/vIHsxGFBb3
03-12 09:21:09.796 10208-10429/com.qtec.router I/System.out: '}, 1000000010001340=LZKey{id='1000000010001340', key='Y6LnCWt+n5C3XaBUpql5vk0UWH8byVC8MWoA8bA4rwh9nh9KFKuWZNMY33Zhtc/E
03-12 09:21:09.796 10208-10429/com.qtec.router I/System.out: '}, 1000000010001341=LZKey{id='1000000010001341', key='SgP+JF+BpOXxGzsX9ean1OULXwTaWD/r0Ma1Lk7zWeNvBgoAbQLlqDuZ6fBa+dsz
03-12 09:21:09.796 10208-10429/com.qtec.router I/System.out: '}, 1000000010001342=LZKey{id='1000000010001342', key='08kgYNenv7XR417i/2vTDkfI2QTQwLXauWV/ZQOVdEUVW+P67c5Br0EXAqitGoRv
03-12 09:21:09.796 10208-10429/com.qtec.router I/System.out: '}, 1000000010001343=LZKey{id='1000000010001343', key='/tMJte0m00ZZm4TlNUrRRS5WI0ZyfEKqGmPHk4HdLW+Bkb/ozld9tUep4c8NDcJu
03-12 09:21:09.796 10208-10429/com.qtec.router I/System.out: '}, 1000000010001344=LZKey{id='1000000010001344', key='HJaX6QRbRuMYSOeX1kOeIjsXQhVRdESeEhjUHt1QopQ+JnK7DQSyw0j2yfZWoLK0
03-12 09:21:09.796 10208-10429/com.qtec.router I/System.out: '}, 1000000010001345=LZKey{id='1000000010001345', key='QINnESyqIe4wOC0Zl1KBFdxcGeaK7EnMRRubRWzkJ497wdyTcw3zjHOaE99PqGG9
03-12 09:21:09.796 10208-10429/com.qtec.router I/System.out: '}, 1000000010001346=LZKey{id='1000000010001346', key='4iKmShtFVYjGC0IUGumQq4kXMqsSK60T4IPcy6WbXhK1uXvimoxSOZquiAOmLjI/
03-12 09:21:09.797 10208-10429/com.qtec.router I/System.out: '}, 1000000010001347=LZKey{id='1000000010001347', key='l1cDps1BKN5bh9Bt2MAHfiM9g0rIwmsw3IXe3rUW2s1Tmv5H/dLSQYbcKUiQJfdt
03-12 09:21:09.797 10208-10429/com.qtec.router I/System.out: '}, 1000000010001348=LZKey{id='1000000010001348', key='JFcGwVcuuXNWoRr34dR6fxPpaRF6DqlXMEIcwEYC4axY988QXXoSKh2msft6zl/s
03-12 09:21:09.797 10208-10208/com.qtec.router D/Surface: Surface::allocateBuffers(this=0xe6926800)
03-12 09:21:09.797 10208-10429/com.qtec.router I/System.out: '}, 1000000010001349=LZKey{id='1000000010001349', key='lo0Le37yAF3hK9ms7+39VSGd61+xV46V3hgy5Y1G5SvjQ7AU9aoCLrCqosvaNZfW
03-12 09:21:09.797 10208-10429/com.qtec.router I/System.out: '}}}
03-12 09:21:09.797 10208-10429/com.qtec.router I/System.out: encrypt key = LZKey{id='1000000010001210', key='71a43fe5343d0c7be19fc3d62085e54f'}
03-12 09:21:09.797 10208-10425/com.qtec.router D/OpenGLRenderer: CanvasContext() 0xd80c2000 initialize window=0xe6926808, title=com.qtec.router/com.fernandocejas.android10.sample.presentation.view.device.router.tools.safestore.RemoteMainActivity
03-12 09:21:09.797 10208-10425/com.qtec.router D/Surface: Surface::connect(this=0xe6926800,api=1)
03-12 09:21:09.797 10208-10425/com.qtec.router W/libEGL: [ANDROID_RECORDABLE] format: 1
03-12 09:21:09.798 10208-10425/com.qtec.router D/mali_winsys: new_window_surface returns 0x3000
03-12 09:21:09.806 10208-10429/com.qtec.router I/System.out: file = /data/user/0/com.qtec.router/files/1C40E8201833_eee64c51e7ce45938a677c7e7d7f7fd9_router.do
03-12 09:21:09.821 10208-10425/com.qtec.router I/[MALI][Gralloc]: [+]r_hnd(0xf30c8d20), client(86), share_fd(99)
03-12 09:21:09.821 10208-10425/com.qtec.router D/GraphicBuffer: register, handle(0xf30c8d20) (w:1218 h:540 s:1232 f:0x1 u:0x000b00)
03-12 09:21:09.822 10208-10425/com.qtec.router D/OpenGLRenderer: CacheTexture 19 upload: x, y, width height = 64, 125, 289, 405
03-12 09:21:09.826 10208-10216/com.qtec.router I/System: FinalizerDaemon: finalize objects = 665
03-12 09:21:09.831 10208-10429/com.qtec.router I/System.out: RouterConverter: mEncryptKey ++= LZKey{id='1000000010001210', key='71a43fe5343d0c7be19fc3d62085e54f'}
03-12 09:21:09.833 10208-10429/com.qtec.router D/SettingsInterface:  from settings cache , name = android_id , value = 5b7a9f53c7f9cd93
03-12 09:21:09.834 10208-10429/com.qtec.router D/RT-router-sm4-request: ╔════════════════════════════════════════════════════════════════════════════════════════
03-12 09:21:09.834 10208-10429/com.qtec.router D/RT-router-sm4-request: ║ Thread: android_0
03-12 09:21:09.834 10208-10429/com.qtec.router D/RT-router-sm4-request: ╟────────────────────────────────────────────────────────────────────────────────────────
03-12 09:21:09.834 10208-10429/com.qtec.router D/RT-router-sm4-request: ║ RouterRestApiImpl.access$000  (RouterRestApiImpl.java:132)
03-12 09:21:09.834 10208-10429/com.qtec.router D/RT-router-sm4-request: ║    RouterRestApiImpl.requestService  (RouterRestApiImpl.java:189)
03-12 09:21:09.834 10208-10429/com.qtec.router D/RT-router-sm4-request: ╟────────────────────────────────────────────────────────────────────────────────────────
03-12 09:21:09.835 10208-10429/com.qtec.router D/RT-router-sm4-request: ║ {
03-12 09:21:09.835 10208-10429/com.qtec.router D/RT-router-sm4-request: ║     "deviceid": "5b7a9f53c7f9cd93",
03-12 09:21:09.835 10208-10429/com.qtec.router D/RT-router-sm4-request: ║     "encryptinfo": "InJRmTerm3SXzQ6W3o4BYRyft65jBnNFDcv\/wR4uUDPvOGAhBJEb\/Q\/CZBp\/gTSUZL1VHb2A+cnL\/lHepA\/QNw==",
03-12 09:21:09.835 10208-10429/com.qtec.router D/RT-router-sm4-request: ║     "encryption": 1,
03-12 09:21:09.835 10208-10429/com.qtec.router D/RT-router-sm4-request: ║     "keyid": "1000000010001210",
03-12 09:21:09.835 10208-10429/com.qtec.router D/RT-router-sm4-request: ║     "keyinvalid": 0,
03-12 09:21:09.835 10208-10429/com.qtec.router D/RT-router-sm4-request: ║     "reuse": 0,
03-12 09:21:09.835 10208-10429/com.qtec.router D/RT-router-sm4-request: ║     "userid": "eee64c51e7ce45938a677c7e7d7f7fd9"
03-12 09:21:09.835 10208-10429/com.qtec.router D/RT-router-sm4-request: ║ }
03-12 09:21:09.835 10208-10429/com.qtec.router D/RT-router-sm4-request: ╚════════════════════════════════════════════════════════════════════════════════════════
03-12 09:21:09.835 10208-10429/com.qtec.router D/RT-request: ╔════════════════════════════════════════════════════════════════════════════════════════
03-12 09:21:09.835 10208-10429/com.qtec.router D/RT-request: ║ Thread: android_0
03-12 09:21:09.835 10208-10429/com.qtec.router D/RT-request: ╟────────────────────────────────────────────────────────────────────────────────────────
03-12 09:21:09.835 10208-10429/com.qtec.router D/RT-request: ║ RouterApiConnection.requestSyncCall  (RouterApiConnection.java:88)
03-12 09:21:09.835 10208-10429/com.qtec.router D/RT-request: ║    RouterApiConnection.connectToApi  (RouterApiConnection.java:103)
03-12 09:21:09.835 10208-10429/com.qtec.router D/RT-request: ╟────────────────────────────────────────────────────────────────────────────────────────
03-12 09:21:09.835 10208-10429/com.qtec.router D/RT-request: ║ http://router.qtec.cn/cgi-bin/json.cgi
03-12 09:21:09.835 10208-10429/com.qtec.router D/RT-request: ╚════════════════════════════════════════════════════════════════════════════════════════
03-12 09:21:09.835 10208-10425/com.qtec.router I/[MALI][Gralloc]: [+]r_hnd(0xf30ca4e0), client(86), share_fd(101)
03-12 09:21:09.835 10208-10425/com.qtec.router D/GraphicBuffer: register, handle(0xf30ca4e0) (w:1218 h:540 s:1232 f:0x1 u:0x000b00)
03-12 09:21:09.836 10208-10429/com.qtec.router I/System.out: [CDS]rx timeout:1
03-12 09:21:09.844 10208-10429/com.qtec.router I/System.out: [CDS]EAGAIN in Recvfrom
03-12 09:21:09.844 10208-10429/com.qtec.router I/System.out: [CDS]read byte is 0
03-12 09:21:09.844 10208-10429/com.qtec.router I/System.out: [CDS]rx timeout:20000
03-12 09:21:09.844 10208-10429/com.qtec.router I/System.out: [CDS]rx timeout:20000
03-12 09:21:09.847 10208-10425/com.qtec.router D/OpenGLRenderer: CacheTexture 19 upload: x, y, width height = 0, 0, 401, 302
03-12 09:21:09.851 10208-10425/com.qtec.router I/[MALI][Gralloc]: [+]r_hnd(0xf30ca6c0), client(86), share_fd(98)
03-12 09:21:09.851 10208-10425/com.qtec.router D/GraphicBuffer: register, handle(0xf30ca6c0) (w:1080 h:1920 s:1088 f:0x1 u:0x000b00)
03-12 09:21:09.858 10208-10425/com.qtec.router I/[MALI][Gralloc]: [+]r_hnd(0xf30ca800), client(86), share_fd(105)
03-12 09:21:09.858 10208-10425/com.qtec.router D/GraphicBuffer: register, handle(0xf30ca800) (w:1080 h:1920 s:1088 f:0x1 u:0x000b00)
03-12 09:21:09.872 10208-10425/com.qtec.router I/[MALI][Gralloc]: [+]r_hnd(0xf30ca940), client(86), share_fd(107)
03-12 09:21:09.872 10208-10425/com.qtec.router D/GraphicBuffer: register, handle(0xf30ca940) (w:1218 h:540 s:1232 f:0x1 u:0x000b00)
03-12 09:21:09.882 10208-10425/com.qtec.router I/[MALI][Gralloc]: [+]r_hnd(0xf30caa80), client(86), share_fd(109)
03-12 09:21:09.882 10208-10425/com.qtec.router D/GraphicBuffer: register, handle(0xf30caa80) (w:1080 h:1920 s:1088 f:0x1 u:0x000b00)
03-12 09:21:09.890 10208-10425/com.qtec.router I/[MALI][Gralloc]: [+]r_hnd(0xf30cabc0), client(86), share_fd(111)
03-12 09:21:09.890 10208-10425/com.qtec.router D/GraphicBuffer: register, handle(0xf30cabc0) (w:1218 h:540 s:1232 f:0x1 u:0x000b00)
03-12 09:21:09.893 10208-10425/com.qtec.router D/Surface: Surface::disconnect(this=0xe6923e00,api=1)
03-12 09:21:09.895 10208-10425/com.qtec.router D/GraphicBuffer: unregister, handle(0xf30c9c20) (w:1080 h:1920 s:1088 f:0x1 u:0x000b00)
03-12 09:21:09.895 10208-10425/com.qtec.router I/[MALI][Gralloc]: [-]r_hnd(0xf30c9c20), client(86), share_fd(93)
03-12 09:21:09.895 10208-10425/com.qtec.router D/GraphicBuffer: unregister, handle(0xf30c99a0) (w:1080 h:1920 s:1088 f:0x1 u:0x000b00)
03-12 09:21:09.896 10208-10425/com.qtec.router I/[MALI][Gralloc]: [-]r_hnd(0xf30c99a0), client(86), share_fd(84)
03-12 09:21:09.896 10208-10425/com.qtec.router D/GraphicBuffer: unregister, handle(0xf30c9860) (w:1080 h:1920 s:1088 f:0x1 u:0x000b00)
03-12 09:21:09.896 10208-10425/com.qtec.router I/[MALI][Gralloc]: [-]r_hnd(0xf30c9860), client(86), share_fd(88)
03-12 09:21:09.896 10208-10425/com.qtec.router E/Surface: getSlotFromBufferLocked: unknown buffer: 0xf30c9ae0
03-12 09:21:09.896 10208-10425/com.qtec.router D/mali_winsys: [MALI] win=0xe6923e08, native_buffer=0xf30c9a48, fd=-1
03-12 09:21:09.896 10208-10425/com.qtec.router D/GraphicBuffer: unregister, handle(0xf30c9ae0) (w:1080 h:1920 s:1088 f:0x1 u:0x000b00)
03-12 09:21:09.897 10208-10425/com.qtec.router I/[MALI][Gralloc]: [-]r_hnd(0xf30c9ae0), client(86), share_fd(91)
03-12 09:21:09.897 10208-10425/com.qtec.router D/Surface: Surface::disconnect(this=0xe6923e00,api=1)
03-12 09:21:09.931 10208-10429/com.qtec.router I/System.out: raw responseJson = {
03-12 09:21:09.931 10208-10429/com.qtec.router I/System.out: 	"encryptinfo":	"m52FaGJK6T2kC2o+lErtlbHGMi9+afDKFtyXDWg/vJd2TKC8U4vCq9v7HleDp8Ryes8CqG5bUEaDielc5W+tQ3j0w4AGBMptqK+XrRsqBKVzrqH8wrzZSYYHABz7UClHySlCuwdED+dWXyGdotiP/mllwsRT9vuaNSigd7tQsoKXGjqJE0G/Q6dPrEtv/pIEs5eXzEwCnG+sgjoUgtzdYpibQI5WjKytmbrprNVOY5NOlz8Aj3K4gvjVz/88FDjiTFrl2A6DkA7y7yikeVyiHXwC1l4v6Ap7TgZieh4b2WeIRuV7yXhXXD8smNjUfLXx/XnsQT2erPw87jjfZlONMg==",
03-12 09:21:09.931 10208-10429/com.qtec.router I/System.out: 	"encryption":	1,
03-12 09:21:09.931 10208-10429/com.qtec.router I/System.out: 	"keyinvalid":	0,
03-12 09:21:09.931 10208-10429/com.qtec.router I/System.out: 	"userid":	"eee64c51e7ce45938a677c7e7d7f7fd9",
03-12 09:21:09.931 10208-10429/com.qtec.router I/System.out: 	"deviceid":	"5b7a9f53c7f9cd93",
03-12 09:21:09.931 10208-10429/com.qtec.router I/System.out: 	"keyid":	"1000000010001211",
03-12 09:21:09.931 10208-10429/com.qtec.router I/System.out: 	"serialnumber":	"1C40E8201833"
03-12 09:21:09.931 10208-10429/com.qtec.router I/System.out: }
03-12 09:21:09.931 10208-10429/com.qtec.router D/RT-router-sm4-response: ╔════════════════════════════════════════════════════════════════════════════════════════
03-12 09:21:09.931 10208-10429/com.qtec.router D/RT-router-sm4-response: ║ Thread: android_0
03-12 09:21:09.931 10208-10429/com.qtec.router D/RT-router-sm4-response: ╟────────────────────────────────────────────────────────────────────────────────────────
03-12 09:21:09.931 10208-10429/com.qtec.router D/RT-router-sm4-response: ║ RouterRestApiImpl.access$000  (RouterRestApiImpl.java:132)
03-12 09:21:09.931 10208-10429/com.qtec.router D/RT-router-sm4-response: ║    RouterRestApiImpl.requestService  (RouterRestApiImpl.java:201)
03-12 09:21:09.931 10208-10429/com.qtec.router D/RT-router-sm4-response: ╟────────────────────────────────────────────────────────────────────────────────────────
03-12 09:21:09.932 10208-10429/com.qtec.router D/RT-router-sm4-response: ║ {
03-12 09:21:09.932 10208-10429/com.qtec.router D/RT-router-sm4-response: ║     "encryptinfo": "m52FaGJK6T2kC2o+lErtlbHGMi9+afDKFtyXDWg\/vJd2TKC8U4vCq9v7HleDp8Ryes8CqG5bUEaDielc5W+tQ3j0w4AGBMptqK+XrRsqBKVzrqH8wrzZSYYHABz7UClHySlCuwdED+dWXyGdotiP\/mllwsRT9vuaNSigd7tQsoKXGjqJE0G\/Q6dPrEtv\/pIEs5eXzEwCnG+sgjoUgtzdYpibQI5WjKytmbrprNVOY5NOlz8Aj3K4gvjVz\/88FDjiTFrl2A6DkA7y7yikeVyiHXwC1l4v6Ap7TgZieh4b2WeIRuV7yXhXXD8smNjUfLXx\/XnsQT2erPw87jjfZlONMg==",
03-12 09:21:09.932 10208-10429/com.qtec.router D/RT-router-sm4-response: ║     "encryption": 1,
03-12 09:21:09.932 10208-10429/com.qtec.router D/RT-router-sm4-response: ║     "keyinvalid": 0,
03-12 09:21:09.932 10208-10429/com.qtec.router D/RT-router-sm4-response: ║     "userid": "eee64c51e7ce45938a677c7e7d7f7fd9",
03-12 09:21:09.932 10208-10429/com.qtec.router D/RT-router-sm4-response: ║     "deviceid": "5b7a9f53c7f9cd93",
03-12 09:21:09.932 10208-10429/com.qtec.router D/RT-router-sm4-response: ║     "keyid": "1000000010001211",
03-12 09:21:09.932 10208-10429/com.qtec.router D/RT-router-sm4-response: ║     "serialnumber": "1C40E8201833"
03-12 09:21:09.932 10208-10429/com.qtec.router D/RT-router-sm4-response: ║ }
03-12 09:21:09.932 10208-10429/com.qtec.router D/RT-router-sm4-response: ╚════════════════════════════════════════════════════════════════════════════════════════
03-12 09:21:09.982 10208-10429/com.qtec.router I/System.out: keyDepot = KeyDepot{keyIndex='1000000010001212', keys={1000000010001211=LZKey{id='1000000010001211', key='gvvWYlp5ZpE62S0+LqZ3pcBZ3R6TO3+O57MXbXXlYb3bGUBP8+91YKVzdPiIIgZj
03-12 09:21:09.982 10208-10429/com.qtec.router I/System.out: '}, 1000000010001212=LZKey{id='1000000010001212', key='yTvfBFwV8Zy0LRikf/YMYAadD5UVkyttwfbFdQf5AEXSuNGFOaOSrjtYF03J40pX
03-12 09:21:09.982 10208-10429/com.qtec.router I/System.out: '}, 1000000010001213=LZKey{id='1000000010001213', key='nTTM+q5i4r0B6NLugJTXqSLn2AbLkZkMJdoQo45nwtnPomfAyHIZYxuhd5B6RMDi
03-12 09:21:09.982 10208-10429/com.qtec.router I/System.out: '}, 1000000010001214=LZKey{id='1000000010001214', key='UrpMNi5wb5oBEbNE2jc6k8qWdfrk8WSTbXhcFapyNVrxq/0IdHAbproBnvvB89om
03-12 09:21:09.982 10208-10429/com.qtec.router I/System.out: '}, 1000000010001215=LZKey{id='1000000010001215', key='Rnop5d3Fe6t3EjgHYhBjK3zIeHuRci/FflfKBPuI8/7M4I+sXVmH9b6CvPpj3f0T
03-12 09:21:09.982 10208-10429/com.qtec.router I/System.out: '}, 1000000010001216=LZKey{id='1000000010001216', key='yI/S1Sglqco+0p9j5pFsCgScYedPMc72zXHCHJuw1273p4qHIUwxgW9kr4BA9wck
03-12 09:21:09.982 10208-10429/com.qtec.router I/System.out: '}, 1000000010001217=LZKey{id='1000000010001217', key='p3m4DeCdcAP5QUCDKpL4jTK60Kr0W5PDsfW5XuvdM5m0uPGoyZebGL5npUzoKRzx
03-12 09:21:09.982 10208-10429/com.qtec.router I/System.out: '}, 1000000010001218=LZKey{id='1000000010001218', key='n4HUHuD36mXFgio+SAWOOmPJvIANS5myi8+/c3OzuI9yKrN2T6H8NYQ6ibRhGcSU
03-12 09:21:09.982 10208-10429/com.qtec.router I/System.out: '}, 1000000010001219=LZKey{id='1000000010001219', key='G91ernYkmWzghkAPg7L1sBtLWYrQtL6A2zAdBCrgcNc8RwIrKMNkrHK8P5x4W9xj
03-12 09:21:09.982 10208-10429/com.qtec.router I/System.out: '}, 1000000010001220=LZKey{id='1000000010001220', key='WIxMV2+c+SkpvJETbGQ86XTOwsiGmqs5KJsIWlOg4Ye/DT1d8+TqdXvx7PQL7Gn2
03-12 09:21:09.982 10208-10429/com.qtec.router I/System.out: '}, 1000000010001221=LZKey{id='1000000010001221', key='4aSBbPaTAbCV2htSSeGq5rLirjah+19/r0SNDUowvrBjVAXP+M/PLOkj6wY9lNI5
03-12 09:21:09.982 10208-10429/com.qtec.router I/System.out: '}, 1000000010001222=LZKey{id='1000000010001222', key='E3bDZcBAI3Y6kgUrgjDTCccUBumjT25bgwdO8GkbQx9vuU7aPkzNst1qam5g8+/a
03-12 09:21:09.982 10208-10429/com.qtec.router I/System.out: '}, 1000000010001223=LZKey{id='1000000010001223', key='4Pu2ApVOuwdjl/od6JwvWz8wX9X6CGw0a+jkYq31K9UBR5WHVsSXdZaYuUh4t6L4
03-12 09:21:09.982 10208-10429/com.qtec.router I/System.out: '}, 1000000010001224=LZKey{id='1000000010001224', key='vLK+R9FLHw3Rd9JzPfHe0usDRrYTs0kE2WuErji2MN5YU/RlrI4Ra+976mKQs06C
03-12 09:21:09.982 10208-10429/com.qtec.router I/System.out: '}, 1000000010001225=LZKey{id='1000000010001225', key='Ovlk2W4LogJPUMX1qlxwP0yQKnuiQibvGOmhCdXjORbMeLQ6MqFat+crSCk3HetL
03-12 09:21:09.982 10208-10429/com.qtec.router I/System.out: '}, 1000000010001226=LZKey{id='1000000010001226', key='iOviHpCJdtEqWG+pTz6lu0ZiIDaTCF35X7ueUlttX908DpcZyrANSJbSJanqIAwd
03-12 09:21:09.983 10208-10429/com.qtec.router I/System.out: '}, 1000000010001227=LZKey{id='1000000010001227', key='ax/2YUODVIPWjoqyk9SqKfamxPwbRTVikYwi47rsn6Ogq6NR790nLQU/DbanJoNC
03-12 09:21:09.983 10208-10429/com.qtec.router I/System.out: '}, 1000000010001228=LZKey{id='1000000010001228', key='IeHyUX0rxDTUS8K3Sqfjg7bkemCtDsEkWBzQ8rYjIuwbB1AO95JY/FNsAZ32fVP4
03-12 09:21:09.983 10208-10429/com.qtec.router I/System.out: '}, 1000000010001229=LZKey{id='1000000010001229', key='LVy561t2/cy/EhHFOxYAsHTrYoDojacxfw+2uGpj7nSGVEWyvIH4uZaRltSw0Eim
03-12 09:21:09.983 10208-10429/com.qtec.router I/System.out: '}, 1000000010001230=LZKey{id='1000000010001230', key='9lNiV8TfCV5BvoWPeBR0aNfGQ/7m407vwStKC4V45yRul9bGPWnl4Bsp2bzExbVm
03-12 09:21:09.983 10208-10429/com.qtec.router I/System.out: '}, 1000000010001231=LZKey{id='1000000010001231', key='OVkFflyxdD/XybvvwynnkHIdxTfUQ31EVKnqr9RaErh8dAyfh/5atLfA/SFvqwOH
03-12 09:21:09.983 10208-10429/com.qtec.router I/System.out: '}, 1000000010001232=LZKey{id='1000000010001232', key='OqmAziseBYBGw+zujDESYDwFOyFm8umy6iwXDHTFypU2yMUJSlMw9NbrkhQOyT5V
03-12 09:21:09.983 10208-10429/com.qtec.router I/System.out: '}, 1000000010001233=LZKey{id='1000000010001233', key='aIeoCisK7a+atXEx/6UmLQn2CjjRDFz3ETatfkPWvDNyiFORUfpT4RoQsuPdhcAl
03-12 09:21:09.983 10208-10429/com.qtec.router I/System.out: '}, 1000000010001234=LZKey{id='1000000010001234', key='aguWk+jw946IcbYmboGvD4cyL+tsOa3/Z6CT5IiIfWgeQNR9eTIAH+QrDh7rXQmH
03-12 09:21:09.983 10208-10429/com.qtec.router I/System.out: '}, 1000000010001235=LZKey{id='1000000010001235', key='dJLdvQx72O7qiWyt2fA8jSeLK+3Z1F6eWjdc7wosquJU1pwuYPYMICfayisCcRVK
03-12 09:21:09.983 10208-10429/com.qtec.router I/System.out: '}, 1000000010001236=LZKey{id='1000000010001236', key='cvvRskphndaM81PjrI9HakYdlEjeU4gn/2dRbArbwwHG3vX5Dzs2ioQetNeqTm/+
03-12 09:21:09.983 10208-10429/com.qtec.router I/System.out: '}, 1000000010001237=LZKey{id='1000000010001237', key='TUhX/TUaV8EKEAm5f2PO+mZRN+9+xHPNO2utfKlR71rlamEM0PD/hY9fmL3NSFir
03-12 09:21:09.983 10208-10429/com.qtec.router I/System.out: '}, 1000000010001238=LZKey{id='1000000010001238', key='bI8Bveb3kAbOtswlgobtbfex921Rybb5oFr2Y7xFU9E3GH3ewOl2mlRaz3okAten
03-12 09:21:09.983 10208-10429/com.qtec.router I/System.out: '}, 1000000010001239=LZKey{id='1000000010001239', key='UZoZ61EOf4liEab5hTRjnW3TUDFDvT+DVNctOQRCOOZCoMte39JzIeNjETYWXijF
03-12 09:21:09.983 10208-10429/com.qtec.router I/System.out: '}, 1000000010001240=LZKey{id='1000000010001240', key='9u/pTLQ52nL/m6X6BiijkB2zw85F7TQk/P98qGXH3H2v+iAPJI7bOfREG8wKMM2/
03-12 09:21:09.983 10208-10429/com.qtec.router I/System.out: '}, 1000000010001241=LZKey{id='1000000010001241', key='Ys13ZAt8NnFtf1dC1YzpiMPA9MAEG8OHmcWzC/wwVhLjihrKUjoqQjUSKciBJPF1
